<RL>header

<RL><prefix>── title ───────────────────────

<RL>
<RL>
<RL>
<RL>
<RL>

<prefix>────────────────────────────────<RL><M1U><M1U><RL><M1U><RL><M1U><RL><M1U><RL><M1U><RL><RL>
<RL>
<RL>
<RL>
<RL><prefix>line one

<prefix>────────────────────────────────<RL><M1U><M1U><RL><M1U><RL><M1U><RL><M1U><RL><M1U><RL><RL>
<RL>
<RL>
<RL><prefix>line one
<RL><prefix>line two

<prefix>────────────────────────────────<RL><M1U><M1U><RL><M1U><RL><M1U><RL><M1U><RL><M1U><RL><RL>
<RL>
<RL><prefix>line one
<RL><prefix>line two
<RL><prefix>

<prefix>────────────────────────────────<RL><M1U><M1U><RL><M1U><RL><M1U><RL><M1U><RL><M1U><RL><RL>
<RL><prefix>line one
<RL><prefix>line two
<RL><prefix>
<RL><prefix>last line

<prefix>────────────────────────────────
