<RL>header

<RL><prefix>── title ───────────────────────

<RL>
<RL>
<RL>
<RL>
<RL>

<prefix>────────────────────────────────<RL><M1U><M1U><RL><M1U><RL><M1U><RL><M1U><RL><M1U><RL><RL>
<RL>
<RL>
<RL>
<RL><prefix>line: 0

<prefix>────────────────────────────────<RL><M1U><M1U><RL><M1U><RL><M1U><RL><M1U><RL><M1U><RL><RL>
<RL>
<RL>
<RL><prefix>line: 0
<RL><prefix>line: 1

<prefix>────────────────────────────────<RL><M1U><M1U><RL><M1U><RL><M1U><RL><M1U><RL><M1U><RL><RL>
<RL>
<RL><prefix>line: 0
<RL><prefix>line: 1
<RL><prefix>line: 2

<prefix>────────────────────────────────<RL><M1U><M1U><RL><M1U><RL><M1U><RL><M1U><RL><M1U><RL><RL>
<RL><prefix>line: 0
<RL><prefix>line: 1
<RL><prefix>line: 2
<RL><prefix>line: 3

<prefix>────────────────────────────────<RL><M1U><M1U><RL><M1U><RL><M1U><RL><M1U><RL><M1U><RL><RL><prefix>line: 0
<RL><prefix>line: 1
<RL><prefix>line: 2
<RL><prefix>line: 3
<RL><prefix>line: 4

<prefix>────────────────────────────────<RL><M1U><M1U><RL><M1U><RL><M1U><RL><M1U><RL><M1U><RL><M4U><RL>Updated Header Here
<M3D><RL><prefix>line: 1
<RL><prefix>line: 2
<RL><prefix>line: 3
<RL><prefix>line: 4
<RL><prefix>

<prefix>────────────────────────────────<RL><M1U><M1U><RL><M1U><RL><M1U><RL><M1U><RL><M1U><RL><RL><prefix>line: 1
<RL><prefix>line: 2
<RL><prefix>line: 3
<RL><prefix>line: 4
<RL><prefix>line: 0

<prefix>────────────────────────────────<RL><M1U><M1U><RL><M1U><RL><M1U><RL><M1U><RL><M1U><RL><RL><prefix>line: 2
<RL><prefix>line: 3
<RL><prefix>line: 4
<RL><prefix>line: 0
<RL><prefix>line: 1

<prefix>────────────────────────────────<RL><M1U><M1U><RL><M1U><RL><M1U><RL><M1U><RL><M1U><RL><RL><prefix>line: 3
<RL><prefix>line: 4
<RL><prefix>line: 0
<RL><prefix>line: 1
<RL><prefix>line: 2

<prefix>────────────────────────────────<RL><M1U><M1U><RL><M1U><RL><M1U><RL><M1U><RL><M1U><RL><RL><prefix>line: 4
<RL><prefix>line: 0
<RL><prefix>line: 1
<RL><prefix>line: 2
<RL><prefix>line: 3

<prefix>────────────────────────────────<RL><M1U><M1U><RL><M1U><RL><M1U><RL><M1U><RL><M1U><RL><RL><prefix>line: 0
<RL><prefix>line: 1
<RL><prefix>line: 2
<RL><prefix>line: 3
<RL><prefix>line: 4

<prefix>────────────────────────────────
