<RL>header

<RL><prefix>── title ───────────────────────

<RL>
<RL>
<RL>
<RL>
<RL>

<prefix>────────────────────────────────<RL><M1U><M1U><RL><M1U><RL><M1U><RL><M1U><RL><M1U><RL><RL>
<RL>
<RL>
<RL>
<RL><prefix>line: 

<prefix>────────────────────────────────<RL><M1U><M1U><RL><M1U><RL><M1U><RL><M1U><RL><M1U><RL><RL>
<RL>
<RL>
<RL>
<RL><prefix>line: , 0

<prefix>────────────────────────────────<RL><M1U><M1U><RL><M1U><RL><M1U><RL><M1U><RL><M1U><RL><RL>
<RL>
<RL>
<RL>
<RL><prefix>line: , 0, 1

<prefix>────────────────────────────────<RL><M1U><M1U><RL><M1U><RL><M1U><RL><M1U><RL><M1U><RL><RL>
<RL>
<RL>
<RL>
<RL><prefix>line: , 0, 1, 2

<prefix>────────────────────────────────
