<RL>header

<RL><prefix>── title ───────────────────────

<RL>
<RL>
<RL>
<RL>
<RL>

<prefix>────────────────────────────────<RL><M1U><M1U><RL><M1U><RL><M1U><RL><M1U><RL><M1U><RL><RL>
<RL>
<RL><prefix>xxxxxxxxxxxxxxxxxxxxxxxxxxxxxxxx
<RL><prefix>xxxxxxxxxxxxxxxxxxxxxxxxxxxxxxxx
<RL><prefix>xxxxxxxxxxxxxxxx

<prefix>────────────────────────────────
