<RL>header

<RL><prefix>── title ───────────────────────

<RL>
<RL>
<RL>
<RL>
<RL>

<prefix>────────────────────────────────<RL><M1U><M1U><RL><M1U><RL><M1U><RL><M1U><RL><M1U><RL><RL>
<RL>
<RL>
<RL>
<RL><prefix>

<prefix>────────────────────────────────<RL><M1U><M1U><RL><M1U><RL><M1U><RL><M1U><RL><M1U><RL><RL>
<RL>
<RL>
<RL><prefix>
<RL><prefix>hello,

<prefix>────────────────────────────────<RL><M1U><M1U><RL><M1U><RL><M1U><RL><M1U><RL><M1U><RL><RL>
<RL>
<RL>
<RL><prefix>
<RL><prefix>hello, azd

<prefix>────────────────────────────────
