Manage Microsoft Foundry Connections from your terminal. (Preview)

Usage
  azd ai connection [command]

Available Commands
  context : Get the context of the azd project & environment.
  create  : Create a new Foundry project connection.
  delete  : Delete a connection.
  list    : List connections in the Foundry project.
  show    : Show connection details.
  update  : Update a connection's target, credentials, or metadata.
  version : Display the extension version

Global Flags
  -C, --cwd string              : Sets the current working directory
      --debug                   : Enables debug and diagnostics logging
  -e, --environment string      : The name of the environment to use
  -h, --help                    : help for connection
      --no-prompt               : Runs without prompts. Uses existing values; fails if any required value or decision cannot be resolved automatically.
  -o, --output string           : The output format (default "default")
  -p, --project-endpoint string : Foundry project endpoint URL (overrides env var and config)

Examples
  List the connections in the resolved Foundry project
    azd ai connection list

  Inspect a connection without displaying its credentials
    azd ai connection show my-search

Use azd ai connection [command] --help to view examples and more information about a specific command.

Environments & Environment Variables
  An azd environment stores deployment values in .azure/<environment>/.env.
  Use 'azd env select <name>' to select one, or --environment <name> (-e)
  for a command. Values may contain secrets; do not share the output of
  'azd env get-values' or commit .azure to source control.

  --project-endpoint overrides endpoint discovery. Otherwise, commands
  resolve FOUNDRY_PROJECT_ENDPOINT (or legacy AZURE_AI_PROJECT_ENDPOINT)
  from the active azd environment, then the global default saved by
  'azd ai project set <endpoint>', then the same shell variables.

  Connections also need the project's ARM resource ID. Save
  AZURE_AI_PROJECT_ID in the selected azd environment with
  'azd env set AZURE_AI_PROJECT_ID <project-resource-id>'.
  The resource ID must match the resolved endpoint. It is required to
  create the first connection when no existing connection can supply
  the project's subscription and resource group.

  Connection credentials are separate from azd environment values.
  'azd ai connection show <name> --show-credentials' displays secret values;
  do not share that output.

Learn More
  Project context: 'azd ai project --help'
  Environment commands: 'azd env --help'
