Resumes a paused fine-tuning job.

Usage
  azd ai finetuning jobs resume [flags]

Flags
  -i, --id string : Job ID (required)

Global Flags
      --debug                   : Enable debug mode
  -h, --help                    : help for resume
      --no-prompt               : Runs without prompts. Uses existing values; fails if any required value or decision cannot be resolved automatically.
      --project-endpoint string : Azure AI Foundry project endpoint URL (e.g., https://account.services.ai.azure.com/api/projects/project-name)
  -s, --subscription string     : Azure subscription ID (enables implicit init if environment not configured)

Examples
  Resume a paused job
    azd ai finetuning jobs resume --id <job-id>
