
Removes an environment and its local configuration.

  • This command only deletes local files stored in .azure/<environment>.
  • It does not delete any Azure resources. To delete Azure resources, run 'azd down' first.

Usage
  azd env remove <environment> [flags]

Flags
    -e, --environment string 	: The name of the environment to use.
        --force              	: Skips confirmation before performing removal.

Global Flags
    -C, --cwd string 	: Sets the current working directory.
        --debug      	: Enables debugging and diagnostics logging.
        --docs       	: Opens the documentation for azd env remove in your web browser.
    -h, --help       	: Gets help for remove.
        --no-prompt  	: Accepts the default value instead of prompting, or it fails if there is no default.

Find a bug? Want to let us know how we're doing? Fill out this brief survey: https://aka.ms/azure-dev/hats.


