
Create a new environment and set it as the default.

Usage
  azd env new <environment> [flags]

Flags
    -l, --location string     	: Azure location for the new environment
        --subscription string 	: Name or ID of an Azure subscription to use for the new environment

Global Flags
    -C, --cwd string 	: Sets the current working directory.
        --debug      	: Enables debugging and diagnostics logging.
        --docs       	: Opens the documentation for azd env new in your web browser.
    -h, --help       	: Gets help for new.
        --no-prompt  	: Accepts the default value instead of prompting, or it fails if there is no default.

Find a bug? Want to let us know how we're doing? Fill out this brief survey: https://aka.ms/azure-dev/hats.


