Usage:
  azd [command]

Available Commands:
  config      Manage azd configurations (ex: default Azure subscription, location).
  deploy      Deploy the application's code to Azure.
  down        Delete Azure resources for an application.
  env         Manage environments.
  infra       Manage your Azure infrastructure.
  init        Initialize a new application.
  login       Log in to Azure.
  logout      Log out of Azure.
  monitor     Monitor a deployed application.
  pipeline    Manage and configure your deployment pipelines.
  provision   Provision the Azure resources for an application.
  restore     Restore application dependencies.
  template    Find and view template details.
  up          Initialize application, provision Azure resources, and deploy your project with a single command.
  version     Print the version number of Azure Developer CLI.

Flags:
  -C, --cwd string   Sets the current working directory.
      --debug        Enables debugging and diagnostics logging.
  -h, --help         Gets help for azd.
      --no-prompt    Accepts the default value instead of prompting, or it fails if there is no default.

Use "azd [command] --help" for more information about a command.

