
Show list of sample azd templates. (Beta)

Usage
  azd template list [flags]

Flags
    -f, --filter strings 	: The tag(s) used to filter template results. Supports comma-separated values.
    -s, --source string  	: Filters templates by source.

Global Flags
    -C, --cwd string 	: Sets the current working directory.
        --debug      	: Enables debugging and diagnostics logging.
        --docs       	: Opens the documentation for azd template list in your web browser.
    -h, --help       	: Gets help for list.
        --no-prompt  	: Accepts the default value instead of prompting, or it fails if there is no default.

Find a bug? Want to let us know how we're doing? Fill out this brief survey: https://aka.ms/azure-dev/hats.


