
Configure your deployment pipeline to connect securely to Azure

  • Supports GitHub Actions and Azure Pipelines. To configure using a specific pipeline provider, provide a value for the '--provider' flag.
  • pipeline config creates or uses a service principal on the Azure subscription to create a secure connection between your deployment pipeline and Azure.
  • By default, pipeline config will set deployment pipeline variables and secrets using the current environment. To configure for a new or an existing environment, provide a value for the '-e' flag.

Usage
  azd pipeline config [flags]

Flags
    -m, --applicationServiceManagementReference string 	: Service Management Reference. References application or service contact information from a Service or Asset Management database. This value must be a Universally Unique Identifier (UUID). You can set this value globally by running azd config set pipeline.config.applicationServiceManagementReference <UUID>.
        --auth-type string                             	: The authentication type used between the pipeline provider and Azure for deployment (Only valid for GitHub provider). Valid values: federated, client-credentials.
    -e, --environment string                           	: The name of the environment to use.
        --principal-id string                          	: The client id of the service principal to use to grant access to Azure resources as part of the pipeline.
        --principal-name string                        	: The name of the service principal to use to grant access to Azure resources as part of the pipeline.
        --principal-role stringArray                   	: The roles to assign to the service principal. By default the service principal will be granted the Contributor and User Access Administrator roles.
        --provider string                              	: The pipeline provider to use (github for Github Actions and azdo for Azure Pipelines).
        --remote-name string                           	: The name of the git remote to configure the pipeline to run on.

Global Flags
    -C, --cwd string 	: Sets the current working directory.
        --debug      	: Enables debugging and diagnostics logging.
        --docs       	: Opens the documentation for azd pipeline config in your web browser.
    -h, --help       	: Gets help for config.
        --no-prompt  	: Accepts the default value instead of prompting, or it fails if there is no default.

Examples
  Configure a deployment pipeline for 'app-test' environment
    azd pipeline config -e app-test

  Configure a deployment pipeline for 'app-test' environment on Azure Pipelines.
    azd pipeline config -e app-test --provider azdo

  Configure a deployment pipeline using an existing service principal
    azd pipeline config --principal-name [Principal name]


