
Initialize a new application in your current directory.

  • Running init without flags specified will prompt you to initialize using your existing code, or from a template.
  • To view all available sample templates, including those submitted by the azd community, visit: https://azure.github.io/awesome-azd.

Usage
  azd init [flags]

Flags
    -b, --branch string       	: The template branch to initialize from. Must be used with a template argument (--template or -t).
    -e, --environment string  	: The name of the environment to use.
    -f, --filter strings      	: The tag(s) used to filter template results. Supports comma-separated values.
        --from-code           	: Initializes a new application from your existing code.
    -l, --location string     	: Azure location for the new environment
    -s, --subscription string 	: Name or ID of an Azure subscription to use for the new environment
    -t, --template string     	: Initializes a new application from a template. You can use Full URI, <owner>/<repository>, or <repository> if it's part of the azure-samples organization.

Global Flags
    -C, --cwd string 	: Sets the current working directory.
        --debug      	: Enables debugging and diagnostics logging.
        --docs       	: Opens the documentation for azd init in your web browser.
    -h, --help       	: Gets help for init.
        --no-prompt  	: Accepts the default value instead of prompting, or it fails if there is no default.

Examples
  Initialize a template to your current local directory from a GitHub repo.
    azd init --template [GitHub repo URL]

  Initialize a template to your current local directory from a branch other than main.
    azd init --template [GitHub repo URL] --branch [Branch name]


