Usage:
  azd infra [command]

Available Commands:
  create      Create Azure resources for an app.
  delete      Delete Azure resources for an app.

Flags:
  -h, --help   Gets help for infra.

Global Flags:
  -C, --cwd string   Sets the current working directory.
      --debug        Enables debugging and diagnostics logging.
      --no-prompt    Accepts the default value instead of prompting, or it fails if there is no default.

Use "azd infra [command] --help" for more information about a command.

