
List consent rules.

Usage
  azd copilot consent list [flags]

Flags
        --action string     	: Action type to filter by (all, readonly)
        --operation string  	: Operation to filter by (tool, sampling)
        --permission string 	: Permission to filter by (allow, deny, prompt)
        --scope string      	: Consent scope to filter by (global, project). If not specified, lists rules from all scopes.
        --target string     	: Specific target to operate on (server/tool format)

Global Flags
    -C, --cwd string         	: Sets the current working directory.
        --debug              	: Enables debugging and diagnostics logging.
        --docs               	: Opens the documentation for azd copilot consent list in your web browser.
    -e, --environment string 	: The name of the environment to use.
        --fail-on-prompt     	: Fails with an actionable error whenever a prompt is encountered, even if a default exists. Implies --no-prompt.
    -h, --help               	: Gets help for list.
        --no-prompt          	: Accepts the default value instead of prompting, or it fails if there is no default.

Find a bug? Want to let us know how we're doing? Fill out this brief survey: https://aka.ms/azure-dev/hats.


