Usage:
  azd deploy [flags]

Flags:
  -e, --environment string   The name of the environment to use.
  -h, --help                 Gets help for deploy.
  -o, --output string        The output format (the supported formats are json, none). (default "none")
      --service string       Deploys a specific service (when the string is unspecified, all services that are listed in the azure.yaml file are deployed).

Global Flags:
  -C, --cwd string   Sets the current working directory.
      --debug        Enables debugging and diagnostics logging.
      --no-prompt    Accepts the default value instead of prompting, or it fails if there is no default.

