
Manage your application workflows. With this command group, you can run custom workflows.

Usage
  azd workflow [command]

Available Commands
  run	: Runs a workflow with the specified name.

Flags
        --docs 	: Opens the documentation for azd workflow in your web browser.
    -h, --help 	: Gets help for workflow.

Global Flags
    -C, --cwd string 	: Sets the current working directory.
        --debug      	: Enables debugging and diagnostics logging.
        --no-prompt  	: Accepts the default value instead of prompting, or it fails if there is no default.

Use azd workflow [command] --help to view examples and more information about a specific command.

Find a bug? Want to let us know how we're doing? Fill out this brief survey: https://aka.ms/azure-dev/hats.


