targetScope = 'subscription'

@minLength(1)
@maxLength(64)
@description('Name of the environment that can be used as part of naming resource convention, the name of the resource group for your application will use this name, prefixed with rg-')
param environmentName string

@minLength(1)
@description('The location used for all deployed resources')
param location string

@metadata({azd: {
  type: 'generate'
  config: {length:15,noSpecial:true,minLower:10,minNumeric:5}
  }
})
@secure()
param my_sql_abstract_pas_sw_ord string
@metadata({azd: {
  type: 'generate'
  config: {length:10,noSpecial:true}
  }
})
@secure()
param my_sql_abstract_password string
@metadata({azd: {
  type: 'generate'
  config: {length:15,noSpecial:true,minLower:10,minNumeric:5}
  }
})
@secure()
param mysqlabstract_pas_sw_ord string
@metadata({azd: {
  type: 'generate'
  config: {length:10,noSpecial:true}
  }
})
@secure()
param mysqlabstract_password string
@metadata({azd: {
  type: 'generate'
  config: {length:10}
  }
})
@secure()
param noVolume_pas_sw_ord string
@metadata({azd: {
  type: 'generate'
  config: {length:10}
  }
})
@secure()
param noVolume_password string

var tags = {
  'azd-env-name': environmentName
}

resource rg 'Microsoft.Resources/resourceGroups@2022-09-01' = {
  name: 'rg-${environmentName}'
  location: location
  tags: tags
}

module resources 'resources.bicep' = {
  scope: rg
  name: 'resources'
  params: {
    location: location
    tags: tags
    my_sql_abstract_pas_sw_ord: my_sql_abstract_pas_sw_ord
    my_sql_abstract_password: my_sql_abstract_password
    mysqlabstract_pas_sw_ord: mysqlabstract_pas_sw_ord
    mysqlabstract_password: mysqlabstract_password
    noVolume_pas_sw_ord: noVolume_pas_sw_ord
    noVolume_password: noVolume_password
  }
}

output MANAGED_IDENTITY_CLIENT_ID string = resources.outputs.MANAGED_IDENTITY_CLIENT_ID
output MANAGED_IDENTITY_NAME string = resources.outputs.MANAGED_IDENTITY_NAME
output AZURE_LOG_ANALYTICS_WORKSPACE_NAME string = resources.outputs.AZURE_LOG_ANALYTICS_WORKSPACE_NAME
output AZURE_CONTAINER_APPS_ENVIRONMENT_ID string = resources.outputs.AZURE_CONTAINER_APPS_ENVIRONMENT_ID
output AZURE_CONTAINER_APPS_ENVIRONMENT_DEFAULT_DOMAIN string = resources.outputs.AZURE_CONTAINER_APPS_ENVIRONMENT_DEFAULT_DOMAIN

