@description('The location used for all deployed resources')
param location string = resourceGroup().location
@description('Id of the user or app to assign application roles')
param principalId string = ''


@description('Tags that will be applied to all resources')
param tags object = {}

var resourceToken = uniqueString(resourceGroup().id)

resource managedIdentity 'Microsoft.ManagedIdentity/userAssignedIdentities@2023-01-31' = {
  name: 'mi-${resourceToken}'
  location: location
  tags: tags
}

resource containerRegistry 'Microsoft.ContainerRegistry/registries@2023-07-01' = {
  name: replace('acr-${resourceToken}', '-', '')
  location: location
  sku: {
    name: 'Basic'
  }
  properties: {
    adminUserEnabled: true
  }
  tags: tags
}

resource caeMiRoleAssignment 'Microsoft.Authorization/roleAssignments@2022-04-01' = {
  name: guid(containerRegistry.id, managedIdentity.id, subscriptionResourceId('Microsoft.Authorization/roleDefinitions', '7f951dda-4ed3-4680-a7ca-43fe172d538d'))
  scope: containerRegistry
  properties: {
    principalId: managedIdentity.properties.principalId
    principalType: 'ServicePrincipal'
    roleDefinitionId:  subscriptionResourceId('Microsoft.Authorization/roleDefinitions', '7f951dda-4ed3-4680-a7ca-43fe172d538d')
  }
}

resource logAnalyticsWorkspace 'Microsoft.OperationalInsights/workspaces@2022-10-01' = {
  name: 'law-${resourceToken}'
  location: location
  properties: {
    sku: {
      name: 'PerGB2018'
    }
  }
  tags: tags
}

resource containerAppEnvironment 'Microsoft.App/managedEnvironments@2024-02-02-preview' = {
  name: 'cae-${resourceToken}'
  location: location
  properties: {
    workloadProfiles: [{
      workloadProfileType: 'Consumption'
      name: 'consumption'
    }]
    appLogsConfiguration: {
      destination: 'log-analytics'
      logAnalyticsConfiguration: {
        customerId: logAnalyticsWorkspace.properties.customerId
        sharedKey: logAnalyticsWorkspace.listKeys().primarySharedKey
      }
    }
  }
  tags: tags

  resource aspireDashboard 'dotNetComponents' = {
    name: 'aspire-dashboard'
    properties: {
      componentType: 'AspireDashboard'
    }
  }

}

resource explicitContributorUserRoleAssignment 'Microsoft.Authorization/roleAssignments@2022-04-01' = {
  name: guid(containerAppEnvironment.id, principalId, subscriptionResourceId('Microsoft.Authorization/roleDefinitions', 'b24988ac-6180-42a0-ab88-20f7382dd24c'))
  scope: containerAppEnvironment
  properties: {
    principalId: principalId
    roleDefinitionId:  subscriptionResourceId('Microsoft.Authorization/roleDefinitions', 'b24988ac-6180-42a0-ab88-20f7382dd24c')
  }
}

resource kv854251f1 'Microsoft.KeyVault/vaults@2023-07-01' = {
  name: replace('kv854251f1-${resourceToken}', '-', '')
  location: location
  properties: {
    sku: {
      name: 'standard'
      family: 'A'
    }
    tenantId: subscription().tenantId
    enableRbacAuthorization: true
  }
}

resource kv854251f1RoleAssignment 'Microsoft.Authorization/roleAssignments@2022-04-01' = {
  name: guid(kv854251f1.id, managedIdentity.id, subscriptionResourceId('Microsoft.Authorization/roleDefinitions', '00482a5a-887f-4fb3-b363-3b7fe8e74483'))
  scope: kv854251f1
  properties: {
    principalId: managedIdentity.properties.principalId
    principalType: 'ServicePrincipal'
    roleDefinitionId:  subscriptionResourceId('Microsoft.Authorization/roleDefinitions', '00482a5a-887f-4fb3-b363-3b7fe8e74483')
  }
}

resource kv854251f1UserReadRoleAssignment 'Microsoft.Authorization/roleAssignments@2022-04-01' = {
  name: guid(kv854251f1.id, principalId, subscriptionResourceId('Microsoft.Authorization/roleDefinitions', '4633458b-17de-408a-b874-0445c86b69e6'))
  scope: kv854251f1
  properties: {
    principalId: principalId
    roleDefinitionId:  subscriptionResourceId('Microsoft.Authorization/roleDefinitions', '4633458b-17de-408a-b874-0445c86b69e6')
  }
}

output MANAGED_IDENTITY_CLIENT_ID string = managedIdentity.properties.clientId
output MANAGED_IDENTITY_NAME string = managedIdentity.name
output MANAGED_IDENTITY_PRINCIPAL_ID string = managedIdentity.properties.principalId
output AZURE_LOG_ANALYTICS_WORKSPACE_NAME string = logAnalyticsWorkspace.name
output AZURE_LOG_ANALYTICS_WORKSPACE_ID string = logAnalyticsWorkspace.id
output AZURE_CONTAINER_REGISTRY_ENDPOINT string = containerRegistry.properties.loginServer
output AZURE_CONTAINER_REGISTRY_MANAGED_IDENTITY_ID string = managedIdentity.id
output AZURE_CONTAINER_APPS_ENVIRONMENT_NAME string = containerAppEnvironment.name
output AZURE_CONTAINER_APPS_ENVIRONMENT_ID string = containerAppEnvironment.id
output AZURE_CONTAINER_APPS_ENVIRONMENT_DEFAULT_DOMAIN string = containerAppEnvironment.properties.defaultDomain
output SERVICE_BINDING_KV854251F1_ENDPOINT string = kv854251f1.properties.vaultUri
output SERVICE_BINDING_KV854251F1_NAME string = kv854251f1.name

