targetScope = 'subscription'

@minLength(1)
@maxLength(64)
@description('Name of the environment that can be used as part of naming resource convention, the name of the resource group for your application will use this name, prefixed with rg-')
param environmentName string

@minLength(1)
@description('The location used for all deployed resources')
param location string

@description('Id of the user or app to assign application roles')
param principalId string = ''

@metadata({azd: {
  type: 'generate'
  config: {length:15,noSpecial:true,minLower:10,minNumeric:5}
  }
})
@secure()
param my_sql_abstract_pas_sw_ord string
@metadata({azd: {
  type: 'generate'
  config: {length:10,noSpecial:true}
  }
})
@secure()
param my_sql_abstract_password string
@metadata({azd: {
  type: 'generate'
  config: {length:15,noSpecial:true,minLower:10,minNumeric:5}
  }
})
@secure()
param mysqlabstract_pas_sw_ord string
@metadata({azd: {
  type: 'generate'
  config: {length:10,noSpecial:true}
  }
})
@secure()
param mysqlabstract_password string
@metadata({azd: {
  type: 'generate'
  config: {length:10}
  }
})
@secure()
param noVolume_pas_sw_ord string
@metadata({azd: {
  type: 'generate'
  config: {length:10}
  }
})
@secure()
param noVolume_password string
@metadata({azd: {
  type: 'needForDeploy'
  config: {}
  }
})
param param_with_empty_value string = ''
@metadata({azd: {
  type: 'needForDeploy'
  config: {}
  }
})
param param_with_value string = 'default value for param'

var tags = {
  'azd-env-name': environmentName
}

resource rg 'Microsoft.Resources/resourceGroups@2022-09-01' = {
  name: 'rg-${environmentName}'
  location: location
  tags: tags
}

module resources 'resources.bicep' = {
  scope: rg
  name: 'resources'
  params: {
    location: location
    tags: tags
    principalId: principalId
  }
}

output MANAGED_IDENTITY_CLIENT_ID string = resources.outputs.MANAGED_IDENTITY_CLIENT_ID
output MANAGED_IDENTITY_NAME string = resources.outputs.MANAGED_IDENTITY_NAME
output AZURE_LOG_ANALYTICS_WORKSPACE_NAME string = resources.outputs.AZURE_LOG_ANALYTICS_WORKSPACE_NAME
output AZURE_CONTAINER_APPS_ENVIRONMENT_NAME string = resources.outputs.AZURE_CONTAINER_APPS_ENVIRONMENT_NAME
output AZURE_CONTAINER_APPS_ENVIRONMENT_ID string = resources.outputs.AZURE_CONTAINER_APPS_ENVIRONMENT_ID
output AZURE_CONTAINER_APPS_ENVIRONMENT_DEFAULT_DOMAIN string = resources.outputs.AZURE_CONTAINER_APPS_ENVIRONMENT_DEFAULT_DOMAIN
output SERVICE_MY_SQL_ABSTRACT_VOLUME_PROJECTAPPHOSTVOLUMETWO_NAME string = resources.outputs.SERVICE_MY_SQL_ABSTRACT_VOLUME_PROJECTAPPHOSTVOLUMETWO_NAME
output SERVICE_MYSQLABSTRACT_VOLUME_PROJECTAPPHOSTVOLUMEONE_NAME string = resources.outputs.SERVICE_MYSQLABSTRACT_VOLUME_PROJECTAPPHOSTVOLUMEONE_NAME
output SERVICE_NOVOLUME_VOLUME_BM0_NAME string = resources.outputs.SERVICE_NOVOLUME_VOLUME_BM0_NAME
output SERVICE_NOVOLUME_FILE_SHARE_BM0_NAME string = resources.outputs.SERVICE_NOVOLUME_FILE_SHARE_BM0_NAME
output SERVICE_NOVOLUME_VOLUME_BM1_NAME string = resources.outputs.SERVICE_NOVOLUME_VOLUME_BM1_NAME
output SERVICE_NOVOLUME_FILE_SHARE_BM1_NAME string = resources.outputs.SERVICE_NOVOLUME_FILE_SHARE_BM1_NAME
output AZURE_VOLUMES_STORAGE_ACCOUNT string = resources.outputs.AZURE_VOLUMES_STORAGE_ACCOUNT

