using './cache.module.bicep'

param cache_volumes_0_storage = '{{ .Env.SERVICE_CACHE_VOLUME_AZURECONTAINERAPPSAPPHOST8F235654EDCACHEDATA_NAME }}'
param complex = 'tcp:cache/foo'
param host = 'cache'
param inputFromBicepModuleOutput = '{{ .Env.STORAGE_THISISANOUTPUT }}'
param outputs_azure_container_apps_environment_id = '{{ .Env.AZURE_CONTAINER_APPS_ENVIRONMENT_ID }}'
param outputs_azure_container_registry_managed_identity_id = '{{ .Env.AZURE_CONTAINER_REGISTRY_MANAGED_IDENTITY_ID }}'
param outputs_managed_identity_client_id = '{{ .Env.MANAGED_IDENTITY_CLIENT_ID }}'
param protocol = 'tcp'
param secretInputFromBicepModuleOutput = '{{ .Env.SERVICE_BINDING_KV1CA9A66_ENDPOINT }}secrets/thisIsSecretOutput'

