@description('The location used for all deployed resources')
param location string = resourceGroup().location
@description('Id of the user or app to assign application roles')
param principalId string = ''


@description('Tags that will be applied to all resources')
param tags object = {}

var resourceToken = uniqueString(resourceGroup().id)

resource managedIdentity 'Microsoft.ManagedIdentity/userAssignedIdentities@2023-01-31' = {
  name: 'mi-${resourceToken}'
  location: location
  tags: tags
}

resource containerRegistry 'Microsoft.ContainerRegistry/registries@2023-07-01' = {
  name: replace('acr-${resourceToken}', '-', '')
  location: location
  sku: {
    name: 'Basic'
  }
  tags: tags
}

resource caeMiRoleAssignment 'Microsoft.Authorization/roleAssignments@2022-04-01' = {
  name: guid(containerRegistry.id, managedIdentity.id, subscriptionResourceId('Microsoft.Authorization/roleDefinitions', '7f951dda-4ed3-4680-a7ca-43fe172d538d'))
  scope: containerRegistry
  properties: {
    principalId: managedIdentity.properties.principalId
    principalType: 'ServicePrincipal'
    roleDefinitionId:  subscriptionResourceId('Microsoft.Authorization/roleDefinitions', '7f951dda-4ed3-4680-a7ca-43fe172d538d')
  }
}

resource logAnalyticsWorkspace 'Microsoft.OperationalInsights/workspaces@2022-10-01' = {
  name: 'law-${resourceToken}'
  location: location
  properties: {
    sku: {
      name: 'PerGB2018'
    }
  }
  tags: tags
}

resource storageVolume 'Microsoft.Storage/storageAccounts@2022-05-01' = {
  name: 'vol${resourceToken}'
  location: location
  kind: 'StorageV2'
  sku: {
    name: 'Standard_LRS'
  }
  properties: {
    largeFileSharesState: 'Enabled'
  }
}

resource storageVolumeFileService 'Microsoft.Storage/storageAccounts/fileServices@2022-05-01' = {
  parent: storageVolume
  name: 'default'
}

resource cacheAzurecontainerappsapphost8f235654edCacheDataFileShare 'Microsoft.Storage/storageAccounts/fileServices/shares@2022-05-01' = {
  parent: storageVolumeFileService
  name: take('${toLower('cache')}-${toLower('azurecontainerappsapphost8f235654edcachedata')}', 60)
  properties: {
    shareQuota: 1024
    enabledProtocols: 'SMB'
  }
}

resource containerAppEnvironment 'Microsoft.App/managedEnvironments@2024-02-02-preview' = {
  name: 'cae-${resourceToken}'
  location: location
  properties: {
    workloadProfiles: [{
      workloadProfileType: 'Consumption'
      name: 'consumption'
    }]
    appLogsConfiguration: {
      destination: 'log-analytics'
      logAnalyticsConfiguration: {
        customerId: logAnalyticsWorkspace.properties.customerId
        sharedKey: logAnalyticsWorkspace.listKeys().primarySharedKey
      }
    }
  }
  tags: tags

  resource aspireDashboard 'dotNetComponents' = {
    name: 'aspire-dashboard'
    properties: {
      componentType: 'AspireDashboard'
    }
  }

}

resource explicitContributorUserRoleAssignment 'Microsoft.Authorization/roleAssignments@2022-04-01' = {
  name: guid(containerAppEnvironment.id, principalId, subscriptionResourceId('Microsoft.Authorization/roleDefinitions', 'b24988ac-6180-42a0-ab88-20f7382dd24c'))
  scope: containerAppEnvironment
  properties: {
    principalId: principalId
    roleDefinitionId:  subscriptionResourceId('Microsoft.Authorization/roleDefinitions', 'b24988ac-6180-42a0-ab88-20f7382dd24c')
  }
}

resource cacheAzurecontainerappsapphost8f235654edCacheDataStore 'Microsoft.App/managedEnvironments/storages@2023-05-01' = {
  parent: containerAppEnvironment
  name: take('${toLower('cache')}-${toLower('azurecontainerappsapphost8f235654edcachedata')}', 32)
  properties: {
    azureFile: {
      shareName: cacheAzurecontainerappsapphost8f235654edCacheDataFileShare.name
      accountName: storageVolume.name
      accountKey: storageVolume.listKeys().keys[0].value
      accessMode: 'ReadWrite'
    }
  }
}

resource kv294fc75c 'Microsoft.KeyVault/vaults@2023-07-01' = {
  name: replace('kv294fc75c-${resourceToken}', '-', '')
  location: location
  properties: {
    sku: {
      name: 'standard'
      family: 'A'
    }
    tenantId: subscription().tenantId
    enableRbacAuthorization: true
  }
}

resource kv294fc75cRoleAssignment 'Microsoft.Authorization/roleAssignments@2022-04-01' = {
  name: guid(kv294fc75c.id, managedIdentity.id, subscriptionResourceId('Microsoft.Authorization/roleDefinitions', '00482a5a-887f-4fb3-b363-3b7fe8e74483'))
  scope: kv294fc75c
  properties: {
    principalId: managedIdentity.properties.principalId
    principalType: 'ServicePrincipal'
    roleDefinitionId:  subscriptionResourceId('Microsoft.Authorization/roleDefinitions', '00482a5a-887f-4fb3-b363-3b7fe8e74483')
  }
}

resource kv294fc75cUserReadRoleAssignment 'Microsoft.Authorization/roleAssignments@2022-04-01' = {
  name: guid(kv294fc75c.id, principalId, subscriptionResourceId('Microsoft.Authorization/roleDefinitions', '4633458b-17de-408a-b874-0445c86b69e6'))
  scope: kv294fc75c
  properties: {
    principalId: principalId
    roleDefinitionId:  subscriptionResourceId('Microsoft.Authorization/roleDefinitions', '4633458b-17de-408a-b874-0445c86b69e6')
  }
}

output MANAGED_IDENTITY_CLIENT_ID string = managedIdentity.properties.clientId
output MANAGED_IDENTITY_NAME string = managedIdentity.name
output MANAGED_IDENTITY_PRINCIPAL_ID string = managedIdentity.properties.principalId
output AZURE_LOG_ANALYTICS_WORKSPACE_NAME string = logAnalyticsWorkspace.name
output AZURE_LOG_ANALYTICS_WORKSPACE_ID string = logAnalyticsWorkspace.id
output AZURE_CONTAINER_REGISTRY_ENDPOINT string = containerRegistry.properties.loginServer
output AZURE_CONTAINER_REGISTRY_MANAGED_IDENTITY_ID string = managedIdentity.id
output AZURE_CONTAINER_APPS_ENVIRONMENT_NAME string = containerAppEnvironment.name
output AZURE_CONTAINER_APPS_ENVIRONMENT_ID string = containerAppEnvironment.id
output AZURE_CONTAINER_APPS_ENVIRONMENT_DEFAULT_DOMAIN string = containerAppEnvironment.properties.defaultDomain
output SERVICE_CACHE_VOLUME_AZURECONTAINERAPPSAPPHOST8F235654EDCACHEDATA_NAME string = cacheAzurecontainerappsapphost8f235654edCacheDataStore.name
output SERVICE_BINDING_KV294FC75C_ENDPOINT string = kv294fc75c.properties.vaultUri
output SERVICE_BINDING_KV294FC75C_NAME string = kv294fc75c.name
output AZURE_VOLUMES_STORAGE_ACCOUNT string = storageVolume.name

