Manually trigger a Foundry routine.

The service runs the routine asynchronously. By default, the command prints
the dispatch ID and action correlation ID. Use --async to suppress extra
output for scripting; use 'routine run list <name>' to inspect execution
results.

Usage
  azd ai routine dispatch <name> [flags]

Flags
      --async        : Suppress descriptive output; useful for scripting
      --input string : Payload sent to the routine dispatch. If the value parses as JSON, it is forwarded as that JSON value (object, array, number, boolean, or null); otherwise it is forwarded as a plain string.

Global Flags
  -C, --cwd string              : Sets the current working directory
      --debug                   : Enables debug and diagnostics logging
  -e, --environment string      : The name of the environment to use
  -h, --help                    : help for dispatch
      --no-prompt               : Runs without prompts. Uses existing values; fails if any required value or decision cannot be resolved automatically.
  -o, --output string           : The output format (supported: json, table) (default "table")
  -p, --project-endpoint string : Foundry project endpoint URL (overrides env var and config)
      --timeout string          : HTTP request timeout override (for example, 2m or 90s). Defaults to 30s for reads and 2m0s for writes.

Examples
  Dispatch a routine and then inspect its execution history
    azd ai routine dispatch nightly-summary
    azd ai routine run list nightly-summary
