Show details of a routine.

Usage
  azd ai routine show <name> [flags]

Global Flags
  -C, --cwd string              : Sets the current working directory
      --debug                   : Enables debug and diagnostics logging
  -e, --environment string      : The name of the environment to use
  -h, --help                    : help for show
      --no-prompt               : Runs without prompts. Uses existing values; fails if any required value or decision cannot be resolved automatically.
  -o, --output string           : The output format (supported: json, table) (default "table")
  -p, --project-endpoint string : Foundry project endpoint URL (overrides env var and config)
      --timeout string          : HTTP request timeout override (for example, 2m or 90s). Defaults to 30s for reads and 2m0s for writes.

Examples
  Inspect a routine's trigger and action
    azd ai routine show nightly-summary
