List the connection-backed tools attached to a toolbox.

Usage
  azd ai toolbox connection list <toolbox> [flags]

Global Flags
  -C, --cwd string              : Sets the current working directory
      --debug                   : Enables debug and diagnostics logging
  -e, --environment string      : The name of the environment to use
  -h, --help                    : help for list
      --no-prompt               : Runs without prompts. Uses existing values; fails if any required value or decision cannot be resolved automatically.
  -o, --output string           : The output format (supported: table, json) (default "table")
      --project-endpoint string : Foundry project endpoint URL for remote operations only (not local add or extension version).

Examples
  List the connections attached to the default version
    azd ai toolbox connection list research
