List toolboxes on the project.

Usage
  azd ai toolbox list [flags]

Global Flags
  -C, --cwd string              : Sets the current working directory
      --debug                   : Enables debug and diagnostics logging
  -e, --environment string      : The name of the environment to use
  -h, --help                    : help for list
      --no-prompt               : Runs without prompts. Uses existing values; fails if any required value or decision cannot be resolved automatically.
  -o, --output string           : The output format (supported: table, json) (default "table")
      --project-endpoint string : Foundry project endpoint URL. When unset, falls back to the active azd environment, azd user config, then FOUNDRY_PROJECT_ENDPOINT.

Examples
  List toolboxes in the resolved project
    azd ai toolbox list
