Add a connection reference to toolbox.yaml.

Usage
  azd ai toolbox add connection <name> [flags]

Flags
      --file string          : Path to the local toolbox definition. (default "toolbox.yaml")
      --index string         : Search index name used by a CognitiveSearch connection.
      --instance-name string : Custom search configuration used by a GroundingWithCustomSearch connection.

Global Flags
  -C, --cwd string              : Sets the current working directory
      --debug                   : Enables debug and diagnostics logging
  -e, --environment string      : The name of the environment to use
  -h, --help                    : help for connection
      --no-prompt               : Runs without prompts. Uses existing values; fails if any required value or decision cannot be resolved automatically.
  -o, --output string           : The output format (supported: table, json) (default "table")
      --project-endpoint string : Foundry project endpoint URL. When unset, falls back to the active azd environment, azd user config, then FOUNDRY_PROJECT_ENDPOINT.

Examples
  Add an Azure AI Search connection with its index
    azd ai toolbox add connection my-search --index products --file ./toolbox.yaml
