Show an evaluator definition.

Usage
  azd ai eval evaluator show <name> [flags]

Flags
      --output-file string      : Write the evaluator document to this path instead of stdout.
      --project-endpoint string : Foundry project endpoint.
      --version string          : Version to show. Omit for the latest.

Global Flags
  -C, --cwd string         : Sets the current working directory
      --debug              : Enables debug and diagnostics logging
  -e, --environment string : The name of the environment to use
  -h, --help               : help for show
      --no-prompt          : Runs without prompts. Uses existing values; fails if any required value or decision cannot be resolved automatically.
  -o, --output string      : The output format (default "default")

Examples
  Inspect the latest evaluator definition
    azd ai eval evaluator show my-rubric
