Delete an evaluator version.

Asks before removing it. With --no-prompt, or with JSON output, --force is required.

Usage
  azd ai eval evaluator delete <name> [flags]

Flags
      --force                   : Delete without asking for confirmation.
      --project-endpoint string : Foundry project endpoint.
      --version string          : Version to delete.

Global Flags
  -C, --cwd string         : Sets the current working directory
      --debug              : Enables debug and diagnostics logging
  -e, --environment string : The name of the environment to use
  -h, --help               : help for delete
      --no-prompt          : Runs without prompts. Uses existing values; fails if any required value or decision cannot be resolved automatically.
  -o, --output string      : The output format (default "default")

Examples
  Delete one evaluator version after confirmation
    azd ai eval evaluator delete my-rubric --version 1
