Inspect the versions of one evaluator.

Usage
  azd ai eval evaluator versions [command]

Available Commands
  list : List the versions of an evaluator.

Global Flags
  -C, --cwd string         : Sets the current working directory
      --debug              : Enables debug and diagnostics logging
  -e, --environment string : The name of the environment to use
  -h, --help               : help for versions
      --no-prompt          : Runs without prompts. Uses existing values; fails if any required value or decision cannot be resolved automatically.
  -o, --output string      : The output format (default "default")

Examples
  List registered rubric versions
    azd ai eval evaluator versions list my-rubric

Use azd ai eval evaluator versions [command] --help to view examples and more information about a specific command.
