
Showing services and environments for apps in this directory.
To view a different environment, run azd show -e <environment name>

Foo
  Services:
    xx  bar
  Environments:
    You haven't created any environments. Run azd env new to create one.
  View in Azure Portal:
    Application is not yet provisioned. Run azd provision or azd up first.

