  (!) Warning: Principal (5a3acce7-bcc4-4ebc-b4b3-c3b9f17535cb) lacks role assignment permissions on subscription 3819cb9d-0f7c-4284-9e93-220e7fb2367a
  The deployment includes role assignments and will fail without Microsoft.Authorization/roleAssignments/write permission.
  Suggestion: Ensure you have the 'Role Based Access Control Administrator', 'User Access Administrator', 'Owner', or a custom role with 'Microsoft.Authorization/roleAssignments/write' assigned to your account.
