  (!) Critical warning: Missing role assignment permissions
      Deployment will likely fail.
      Principal ID: 5a3acce7-bcc4-4ebc-b4b3-c3b9f17535cb
      Subscription: 3819cb9d-0f7c-4284-9e93-220e7fb2367a
      Required permission: Microsoft.Authorization/roleAssignments/write

      Suggestion: Ask for Owner, User Access Administrator, or Role Based Access Control Administrator on this subscription.

  1 warning found (1 critical).
