
Showing deployed endpoints and environments for apps in this directory.
To view endpoints for a different environment run azd show -e <environment name>

Foo
  Environments:
    You haven't created any environment. Run azd env new to create one.
  Services:
    xx  bar
  View in Azure Portal:
    Application is not yet provisioned. Run azd provision or azd up first.

