
Showing deployed endpoints and environments for apps in this directory.
To view a different environment, run azd show -e <environment name>

Foo
  Services:
    xx  ]8;;barbar]8;;
  Environments:
    You haven't created any environments. Run azd env new to create one.
  View in Azure Portal:
    ]8;;foo.comfoo.com]8;;

