
Showing deployed endpoints and environments for apps in this directory.
To view endpoints for a different environment run azd show -e <environment name>

Foo
  Environments:
    You haven't created any environment. Run azd env new to create one.
  Services:
    You don't have services defined. Add your services to azure.yaml.
  View in Azure Portal:
    Application is not yet provisioned. Run azd provision or azd up first.

