Manage agent endpoint and card configuration.

Usage
  azd ai agent endpoint [command]

Available Commands
  show   : Show the current endpoint and card configuration of an agent.
  update : Update an agent's endpoint and card configuration without deploying a new version.

Global Flags
  -C, --cwd string         : Sets the current working directory
      --debug              : Enables debug and diagnostics logging
  -e, --environment string : The name of the environment to use
  -h, --help               : help for endpoint
      --no-prompt          : Runs without prompts. Uses existing values; fails if any required value or decision cannot be resolved automatically.
  -o, --output string      : The output format (default "default")

Examples
  Inspect the deployed endpoint configuration
    azd ai agent endpoint show

Use azd ai agent endpoint [command] --help to view examples and more information about a specific command.
