
███████╗ ██████╗ ██╗   ██╗███╗   ██╗██████╗ ██████╗ ██╗   ██╗
██╔════╝██╔═══██╗██║   ██║████╗  ██║██╔══██╗██╔══██╗╚██╗ ██╔╝
█████╗  ██║   ██║██║   ██║██╔██╗ ██║██║  ██║██████╔╝ ╚████╔╝
██╔══╝  ██║   ██║██║   ██║██║╚██╗██║██║  ██║██╔══██╗  ╚██╔╝
██║     ╚██████╔╝╚██████╔╝██║ ╚████║██████╔╝██║  ██║   ██║
╚═╝      ╚═════╝  ╚═════╝ ╚═╝  ╚═══╝╚═════╝ ╚═╝  ╚═╝   ╚═╝

vdev
Visit the docs at https://aka.ms/azd-ai-agent-docs

Ship prompt, hosted, and voice agents with Microsoft Foundry from your terminal. (Preview)

Usage
  azd ai agent [command]

Available Commands
  code        : Manage agent source code. (Preview)
  connection  : Manage connection service dependencies for an agent.
  delete      : Delete a prompt, hosted, or voice agent.
  doctor      : Diagnose problems with an azd ai agent project.
  endpoint    : Manage agent endpoint and card configuration.
  eval        : Create and run quick evals for an agent.
  files       : Manage files in a hosted agent session.
  init        : Initialize a new prompt, hosted, or voice agent project. (Preview)
  invocations : Inspect and manage work created by invoking an agent.
  invoke      : Send a message to your prompt or hosted agent.
  monitor     : Monitor logs from a hosted agent.
  optimize    : Evaluate and optimize AI agents.
  pack        : Build a ready-to-sideload Teams app package for an activity agent.
  publish     : Publish an activity agent as a Teams app to the Microsoft 365 store.
  run         : Run your agent locally for development.
  sample      : Browse the curated catalog of agent samples and azd templates.
  sessions    : Manage sessions for a hosted agent endpoint.
  show        : Show the status of a prompt, hosted, or voice agent.
  toolbox     : Manage toolbox service dependencies for an agent.
  version     : Prints the version of the application

Global Flags
  -C, --cwd string         : Sets the current working directory
      --debug              : Enables debug and diagnostics logging
  -e, --environment string : The name of the environment to use
  -h, --help               : help for agent
      --no-prompt          : Runs without prompts. Uses existing values; fails if any required value or decision cannot be resolved automatically.
  -o, --output string      : The output format (default "default")

Examples
  Initialize and deploy an agent project
    azd ai agent init
    azd up

  Send a message to a deployed prompt or hosted agent
    azd ai agent invoke "Hello"

Use azd ai agent [command] --help to view examples and more information about a specific command.

Environments & Environment Variables
  An azd environment is a named deployment configuration, such as dev or prod.
  Its values are stored locally in .azure/<environment>/.env.
  Use 'azd env new <name>' to create one, 'azd env select <name>' to change the
  default, or --environment <name> (-e) to select one for a command.

  Use 'azd env set <name> <value>' to save a value and 'azd env get-values' to
  inspect the selected environment. Values can include secrets; do not share
  the output or commit .azure to source control.

  FOUNDRY_PROJECT_ENDPOINT identifies the Foundry project. Init records it
  when you select an existing project; generated azure.yaml files reference
  it as ${FOUNDRY_PROJECT_ENDPOINT} to keep configuration portable.
  Deploy records AGENT_<SERVICE>_NAME, AGENT_<SERVICE>_VERSION and
  AGENT_<SERVICE>_PROJECT_ENDPOINT so commands can resolve deployed agents.
  <SERVICE> is the service name in uppercase with spaces and hyphens replaced
  by underscores (for example, my-agent becomes MY_AGENT).

  For hosted agent runtime settings, use the service-level env mapping in
  azure.yaml. Reference environment values with ${VARIABLE_NAME}; setting an
  azd environment value alone does not forward every value to the agent.
  Use 'azd ai agent run' for local development and 'azd deploy' to apply changes
  to the deployed agent.

Learn More
  Agent documentation: https://aka.ms/azd-ai-agent-docs
  Environment commands: 'azd env --help'
