Create or replace a JSON object item in an existing store.

Creates a missing item or replaces its entire value and tags. Omitting --tag clears existing tags.
Raw input is limited to 16 MiB, including whitespace; service limits may be smaller.

Usage
  azd ai agent state-stores items set <key> [flags]

Flags
      --agent-endpoint string : Full protocol endpoint URL of a deployed agent
  -n, --agent-name string     : Agent service name in azure.yaml
      --if-match string       : Only write if the current ETag matches (preserve its quotes)
      --store string          : Store name (defaults to the active store; does not change selection)
      --tag stringArray       : Replacement tag as key=value (repeatable; omission clears tags)
      --value string          : JSON object value (not a REST request envelope)
      --value-file string     : Read the JSON object from a file; - reads stdin

Global Flags
  -C, --cwd string         : Sets the current working directory
      --debug              : Enables debug and diagnostics logging
  -e, --environment string : The name of the environment to use
  -h, --help               : help for set
      --no-prompt          : Runs without prompts. Uses existing values; fails if any required value or decision cannot be resolved automatically.
  -o, --output string      : The output format (supported: json, table) (default "json")

Examples
    azd ai agent state-stores items set task-123 --value-file checkpoint.json --tag kind=checkpoint
