# yaml-language-server: $schema=https://raw.githubusercontent.com/Azure/azure-dev/main/schemas/v1.0/azure.yaml.json

name: test-extension-project
services:
    api:
        project: ./src/api
        host: containerapp
        language: js
customProjectField: project-level-extension
extensionConfig:
    database:
        host: localhost
        port: 5432
    retries: 3
    timeout: 300
organizationSettings:
    billing: department-a
    compliance: true
    tags:
        - production
        - critical

