# yaml-language-server: $schema=https://raw.githubusercontent.com/Azure/azure-dev/main/schemas/v1.0/azure.yaml.json

name: test-combined-extensions
services:
    api:
        project: ./src/api
        host: containerapp
        language: js
        customConfig:
            setting1: value1
        serviceExtension: api-specific
projectExtension: global-setting
sharedConfig:
    environment: production
    version: 1.0.0

