List all skills in the resolved Foundry project.

Usage
  azd ai skill list [flags]

Global Flags
  -C, --cwd string              : Sets the current working directory
      --debug                   : Enables debug and diagnostics logging
  -e, --environment string      : The name of the environment to use
  -h, --help                    : help for list
      --no-prompt               : Runs without prompts. Uses existing values; fails if any required value or decision cannot be resolved automatically.
  -o, --output string           : The output format (supported: json, table) (default "table")
  -p, --project-endpoint string : Foundry project endpoint URL (overrides env vars and global config)

Examples
  List skills in the resolved project
    azd ai skill list

  Return skill metadata as JSON
    azd ai skill list --output json
